Copyright 1986-2018 Xilinx, Inc. All Rights Reserved.
---------------------------------------------------------------------------------------------
| Tool Version : Vivado v.2018.2 (win64) Build 2258646 Thu Jun 14 20:03:12 MDT 2018
| Date         : Tue May 20 03:56:23 2025
| Host         : DESKTOP-2G869AB running 64-bit major release  (build 9200)
| Command      : report_control_sets -verbose -file ScrollController_control_sets_placed.rpt
| Design       : ScrollController
| Device       : xc7a35t
---------------------------------------------------------------------------------------------

Control Set Information

Table of Contents
-----------------
1. Summary
2. Histogram
3. Flip-Flop Distribution
4. Detailed Control Set Information

1. Summary
----------

+----------------------------------------------------------+-------+
|                          Status                          | Count |
+----------------------------------------------------------+-------+
| Number of unique control sets                            |     6 |
| Unused register locations in slices containing registers |     8 |
+----------------------------------------------------------+-------+


2. Histogram
------------

+--------+--------------+
| Fanout | Control Sets |
+--------+--------------+
|      4 |            1 |
|      6 |            2 |
|      8 |            1 |
|    16+ |            2 |
+--------+--------------+


3. Flip-Flop Distribution
-------------------------

+--------------+-----------------------+------------------------+-----------------+--------------+
| Clock Enable | Synchronous Set/Reset | Asynchronous Set/Reset | Total Registers | Total Slices |
+--------------+-----------------------+------------------------+-----------------+--------------+
| No           | No                    | No                     |              20 |            4 |
| No           | No                    | Yes                    |             152 |           31 |
| No           | Yes                   | No                     |              12 |            1 |
| Yes          | No                    | No                     |               0 |            0 |
| Yes          | No                    | Yes                    |               0 |            0 |
| Yes          | Yes                   | No                     |               0 |            0 |
+--------------+-----------------------+------------------------+-----------------+--------------+


4. Detailed Control Set Information
-----------------------------------

+-----------------------------------+---------------+------------------+------------------+----------------+
|            Clock Signal           | Enable Signal | Set/Reset Signal | Slice Load Count | Bel Load Count |
+-----------------------------------+---------------+------------------+------------------+----------------+
|  divider_display/clk_display_OBUF |               | rst_IBUF         |                1 |              4 |
|  btnl/risinged/next_state         |               |                  |                1 |              6 |
|  btnr/risinged/next_state         |               |                  |                1 |              6 |
|  divider_buttons/clk_buttons      |               |                  |                2 |              8 |
|  divider_buttons/clk_buttons      |               | rst_IBUF         |                2 |             24 |
|  clk_IBUF_BUFG                    |               | rst_IBUF         |               29 |            136 |
+-----------------------------------+---------------+------------------+------------------+----------------+


